[www.activeaxon.com/html/arwa/update/home-version1.html]
[backblue.gif]
[fade.gif]
[index.html]
[www.activeaxon.com/html/arwa/update/css/bootstrap.min.css]
[www.activeaxon.com/html/arwa/update/css/normalize.css]
[www.activeaxon.com/html/arwa/update/css/font-awesome-ie7.css]
[www.activeaxon.com/html/arwa/update/css/font-awesome-ie7.min.css]
[www.activeaxon.com/html/arwa/update/css/font-awesome.css]
[www.activeaxon.com/html/arwa/update/css/font-awesome.min.css]
[www.activeaxon.com/html/arwa/update/css/revolution_settings.css]
[www.activeaxon.com/html/arwa/update/css/eislider.css]
[www.activeaxon.com/html/arwa/update/css/tipsy.css]
[www.activeaxon.com/html/arwa/update/css/prettyPhoto.css]
[www.activeaxon.com/html/arwa/update/css/isotop_animation.css]
[www.activeaxon.com/html/arwa/update/css/_color-chooser.css]
[www.activeaxon.com/html/arwa/update/css/_colorpicker.css]
[www.activeaxon.com/html/arwa/update/css/style.css]
[www.activeaxon.com/html/arwa/update/css/responsive.css]
[www.activeaxon.com/html/arwa/update/css/skins/mixed-flat-colors.css]
[www.activeaxon.com/html/arwa/update/images/logo.png]
[www.activeaxon.com/html/arwa/update/home-version2.html]
[www.activeaxon.com/html/arwa/update/home-version3.html]
[www.activeaxon.com/html/arwa/update/home-version4.html]
[www.activeaxon.com/html/arwa/update/home-version5.html]
[www.activeaxon.com/html/arwa/update/slider-revolution-full.html]
[www.activeaxon.com/html/arwa/update/slider-revolution-fixed.html]
[www.activeaxon.com/html/arwa/update/slider-elastic.html]
[www.activeaxon.com/html/arwa/update/slider-cycle.html]
[www.activeaxon.com/html/arwa/update/about-us.html]
[www.activeaxon.com/html/arwa/update/services.html]
[www.activeaxon.com/html/arwa/update/team.html]
[www.activeaxon.com/html/arwa/update/sidebar-navigation.html]
[www.activeaxon.com/html/arwa/update/faq.html]
[www.activeaxon.com/html/arwa/update/sign-up.html]
[www.activeaxon.com/html/arwa/update/sign-in.html]
[www.activeaxon.com/html/arwa/update/404.html]
[www.activeaxon.com/html/arwa/update/blog.html]
[www.activeaxon.com/html/arwa/update/blog-single.html]
[www.activeaxon.com/html/arwa/update/portfolio-two-columns.html]
[www.activeaxon.com/html/arwa/update/portfolio-three-columns.html]
[www.activeaxon.com/html/arwa/update/portfolio-four-columns.html]
[www.activeaxon.com/html/arwa/update/portfolio-single.html]
[www.activeaxon.com/html/arwa/update/elements.html]
[www.activeaxon.com/html/arwa/update/icons.html]
[www.activeaxon.com/html/arwa/update/typography.html]
[www.activeaxon.com/html/arwa/update/columns.html]
[www.activeaxon.com/html/arwa/update/contact.html]
[www.activeaxon.com/html/arwa/update/contact2.html]
[www.activeaxon.com/html/arwa/update/media/rev-images/rev-full2.jpg]
[www.activeaxon.com/html/arwa/update/media/rev-images/person1.png]
[www.activeaxon.com/html/arwa/update/media/rev-images/imac.png]
[www.activeaxon.com/html/arwa/update/media/rev-images/macpro.png]
[www.activeaxon.com/html/arwa/update/media/rev-images/ipad.png]
[www.activeaxon.com/html/arwa/update/media/rev-images/iphone.png]
[www.activeaxon.com/html/arwa/update/media/rev-images/rev-full1.jpg]
[www.activeaxon.com/html/arwa/update/media/rev-images/rev-full1_ballon1.png]
[www.activeaxon.com/html/arwa/update/media/rev-images/rev-full1_ballon2.png]
[www.activeaxon.com/html/arwa/update/media/rev-images/rev-full1_ballon3.png]
[www.activeaxon.com/html/arwa/update/media/rev-images/cloud1.png]
[www.activeaxon.com/html/arwa/update/media/rev-images/cloud2.png]
[www.activeaxon.com/html/arwa/update/media/rev-images/cloud3.png]
[www.activeaxon.com/html/arwa/update/media/rev-images/rev-full3.jpg]
[www.activeaxon.com/html/arwa/update/media/rev-images/sea-ipad.png]
[www.activeaxon.com/html/arwa/update/media/testimonial1.jpg]
[www.activeaxon.com/html/arwa/update/media/testimonial2.jpg]
[www.activeaxon.com/html/arwa/update/media/testimonial4.jpg]
[www.activeaxon.com/html/arwa/update/media/team4.jpg]
[www.activeaxon.com/html/arwa/update/media/team1.jpg]
[www.activeaxon.com/html/arwa/update/media/team5.jpg]
[www.activeaxon.com/html/arwa/update/js/_jquery.placeholder.js]
[www.activeaxon.com/html/arwa/update/js/_colorpicker.js]
[www.activeaxon.com/html/arwa/update/js/bootstrap.min.js]
[www.activeaxon.com/html/arwa/update/js/_jq.js]
[www.activeaxon.com/html/arwa/update/js/_skins.js]
[www.activeaxon.com/html/arwa/update/js/_skinchooser.js]
[www.activeaxon.com/html/arwa/update/js/activeaxon_menu.js]
[www.activeaxon.com/html/arwa/update/js/_handlebars.js]
[www.activeaxon.com/html/arwa/update/js/animationEnigne.js]
[www.activeaxon.com/html/arwa/update/js/arwa.js]
[www.activeaxon.com/html/arwa/update/js/ie-fixes.js]
[www.activeaxon.com/html/arwa/update/js/jquery.base64.js]
[www.activeaxon.com/html/arwa/update/js/jquery.carouFredSel-6.2.1-packed.js]
[www.activeaxon.com/html/arwa/update/js/jquery.cycle.js]
[www.activeaxon.com/html/arwa/update/js/jquery.cycle2.carousel.js]
[www.activeaxon.com/html/arwa/update/js/jquery.easing.1.3.js]
[www.activeaxon.com/html/arwa/update/js/jquery.easytabs.js]
[www.activeaxon.com/html/arwa/update/js/jquery.eislideshow.js]
[www.activeaxon.com/html/arwa/update/js/jquery.prettyPhoto.js]
[www.activeaxon.com/html/arwa/update/js/jquery.isotope.js]
[www.activeaxon.com/html/arwa/update/js/jquery.themepunch.plugins.min.js]
[www.activeaxon.com/html/arwa/update/js/jquery.tipsy.js]
[www.activeaxon.com/html/arwa/update/js/jquery.themepunch.revolution.js]
[www.activeaxon.com/html/arwa/update/js/jquery.validate.js]
[www.activeaxon.com/html/arwa/update/js/jQuery.XDomainRequest.js]
[www.activeaxon.com/html/arwa/update/js/retina.js]
[www.activeaxon.com/html/arwa/update/js/timeago.js]
[www.activeaxon.com/html/arwa/update/home-version1.html]
[www.activeaxon.com/html/arwa/update/js/tweetable.jquery.js]
[www.activeaxon.com/html/arwa/update/fonts/glyphicons-halflings-regular.eot]
[www.activeaxon.com/html/arwa/update/fonts/glyphicons-halflings-regulard41d.eot]
[www.activeaxon.com/html/arwa/update/fonts/glyphicons-halflings-regular.woff]
[www.activeaxon.com/html/arwa/update/fonts/glyphicons-halflings-regular.ttf]
[www.activeaxon.com/html/arwa/update/fonts/glyphicons-halflings-regular.svg]
[www.activeaxon.com/html/arwa/update/css/bootstrap.min.css]
[www.activeaxon.com/html/arwa/update/css/normalize.css]
[www.activeaxon.com/html/arwa/update/css/font-awesome-ie7.css]
[www.activeaxon.com/html/arwa/update/css/font-awesome-ie7.min.css]
[www.activeaxon.com/html/arwa/update/font/fontawesome-webfontf77b.eot]
[www.activeaxon.com/html/arwa/update/font/fontawesome-webfontd41d.eot]
[www.activeaxon.com/html/arwa/update/font/fontawesome-webfontf77b.woff]
[www.activeaxon.com/html/arwa/update/font/fontawesome-webfontf77b.ttf]
[www.activeaxon.com/html/arwa/update/css/font-awesome.css]
[www.activeaxon.com/html/arwa/update/css/font-awesome.min.css]
[www.activeaxon.com/html/arwa/update/images/gradient/g30.png]
[www.activeaxon.com/html/arwa/update/images/gradient/g40.png]
[www.activeaxon.com/html/arwa/update/images/assets/shadow1.png]
[www.activeaxon.com/html/arwa/update/images/assets/shadow2.png]
[www.activeaxon.com/html/arwa/update/images/assets/shadow3.png]
[www.activeaxon.com/html/arwa/update/images/assets/boxed_bgtile.png]
[www.activeaxon.com/html/arwa/update/images/assets/navigdots_bgtile.png]
[www.activeaxon.com/html/arwa/update/images/assets/bullet.png]
[www.activeaxon.com/html/arwa/update/images/assets/bullets.png]
[www.activeaxon.com/html/arwa/update/images/assets/bullets2.png]
[www.activeaxon.com/html/arwa/update/images/assets/bullet_boxed.png]
[www.activeaxon.com/html/arwa/update/images/assets/navigdots.png]
[www.activeaxon.com/html/arwa/update/images/assets/large_left.png]
[www.activeaxon.com/html/arwa/update/images/assets/large_right.png]
[www.activeaxon.com/html/arwa/update/images/assets/small_left.png]
[www.activeaxon.com/html/arwa/update/images/assets/small_right.png]
[www.activeaxon.com/html/arwa/update/images/assets/arrow_left.png]
[www.activeaxon.com/html/arwa/update/images/assets/arrow_right.png]
[www.activeaxon.com/html/arwa/update/images/assets/small_left_boxed.png]
[www.activeaxon.com/html/arwa/update/images/assets/small_right_boxed.png]
[www.activeaxon.com/html/arwa/update/images/assets/arrowleft.png]
[www.activeaxon.com/html/arwa/update/images/assets/arrowright.png]
[www.activeaxon.com/html/arwa/update/images/assets/arrow_left_square.png]
[www.activeaxon.com/html/arwa/update/images/assets/arrow_right_square.png]
[www.activeaxon.com/html/arwa/update/images/assets/arrow_left2.png]
[www.activeaxon.com/html/arwa/update/images/assets/arrow_right2.png]
[www.activeaxon.com/html/arwa/update/images/assets/timer.png]
[www.activeaxon.com/html/arwa/update/images/assets/coloredbg.png]
[www.activeaxon.com/html/arwa/update/images/assets/loader.gif]
[www.activeaxon.com/html/arwa/update/css/revolution_settings.css]
[www.activeaxon.com/html/arwa/update/css/eislider.css]
[www.activeaxon.com/html/arwa/update/css/tipsy.css]
[www.activeaxon.com/html/arwa/update/images/prettyPhoto/default/sprite.png]
[www.activeaxon.com/html/arwa/update/images/prettyPhoto/default/sprite_x.png]
[www.activeaxon.com/html/arwa/update/images/prettyPhoto/default/sprite_y.png]
[www.activeaxon.com/html/arwa/update/images/prettyPhoto/default/sprite_next.png]
[www.activeaxon.com/html/arwa/update/images/prettyPhoto/default/sprite_prev.png]
[www.activeaxon.com/html/arwa/update/images/prettyPhoto/default/default_thumb.png]
[www.activeaxon.com/html/arwa/update/images/prettyPhoto/default/loader.gif]
[www.activeaxon.com/html/arwa/update/images/prettyPhoto/light_rounded/sprite.png]
[www.activeaxon.com/html/arwa/update/images/prettyPhoto/light_rounded/btnNext.png]
[www.activeaxon.com/html/arwa/update/images/prettyPhoto/light_rounded/btnPrevious.png]
[www.activeaxon.com/html/arwa/update/images/prettyPhoto/light_rounded/loader.gif]
[www.activeaxon.com/html/arwa/update/images/prettyPhoto/dark_rounded/sprite.png]
[www.activeaxon.com/html/arwa/update/images/prettyPhoto/dark_rounded/contentPattern.png]
[www.activeaxon.com/html/arwa/update/images/prettyPhoto/dark_rounded/btnNext.png]
[www.activeaxon.com/html/arwa/update/images/prettyPhoto/dark_rounded/btnPrevious.png]
[www.activeaxon.com/html/arwa/update/images/prettyPhoto/dark_rounded/loader.gif]
[www.activeaxon.com/html/arwa/update/images/prettyPhoto/dark_square/loader.gif]
[www.activeaxon.com/html/arwa/update/images/prettyPhoto/dark_square/sprite.png]
[www.activeaxon.com/html/arwa/update/images/prettyPhoto/dark_square/btnNext.png]
[www.activeaxon.com/html/arwa/update/images/prettyPhoto/dark_square/btnPrevious.png]
[www.activeaxon.com/html/arwa/update/images/prettyPhoto/light_square/sprite.png]
[www.activeaxon.com/html/arwa/update/images/prettyPhoto/light_square/btnNext.png]
[www.activeaxon.com/html/arwa/update/images/prettyPhoto/light_square/btnPrevious.png]
[www.activeaxon.com/html/arwa/update/images/prettyPhoto/facebook/sprite.png]
[www.activeaxon.com/html/arwa/update/images/prettyPhoto/facebook/contentPatternTop.png]
[www.activeaxon.com/html/arwa/update/images/prettyPhoto/facebook/contentPatternLeft.png]
[www.activeaxon.com/html/arwa/update/images/prettyPhoto/facebook/contentPatternRight.png]
[www.activeaxon.com/html/arwa/update/images/prettyPhoto/facebook/loader.gif]
[www.activeaxon.com/html/arwa/update/images/prettyPhoto/facebook/btnNext.png]
[www.activeaxon.com/html/arwa/update/images/prettyPhoto/facebook/btnPrevious.png]
[www.activeaxon.com/html/arwa/update/images/prettyPhoto/facebook/contentPatternBottom.png]
[www.activeaxon.com/html/arwa/update/images/prettyPhoto/facebook/default_thumbnail.gif]
[www.activeaxon.com/html/arwa/update/css/prettyPhoto.css]
[www.activeaxon.com/html/arwa/update/css/isotop_animation.css]
[www.activeaxon.com/html/arwa/update/images/skins-images/skins-sprites.png]
[www.activeaxon.com/html/arwa/update/images/skins-images/skins-sprites@2x.png]
[www.activeaxon.com/html/arwa/update/images/body_backgrounds/patterns/black-twill.png]
[www.activeaxon.com/html/arwa/update/images/body_backgrounds/patterns/black-twill@2x.png]
[www.activeaxon.com/html/arwa/update/images/body_backgrounds/patterns/dark-fish-skin.png]
[www.activeaxon.com/html/arwa/update/images/body_backgrounds/patterns/dark-fish-skin@2x.png]
[www.activeaxon.com/html/arwa/update/images/body_backgrounds/patterns/escheresque-ste.png]
[www.activeaxon.com/html/arwa/update/images/body_backgrounds/patterns/escheresque-ste@2x.png]
[www.activeaxon.com/html/arwa/update/images/body_backgrounds/patterns/grey.png]
[www.activeaxon.com/html/arwa/update/images/body_backgrounds/patterns/grey@2x.png]
[www.activeaxon.com/html/arwa/update/images/body_backgrounds/patterns/knitting250px.png]
[www.activeaxon.com/html/arwa/update/images/body_backgrounds/patterns/knitting250px@2x.png]
[www.activeaxon.com/html/arwa/update/images/body_backgrounds/patterns/p4.png]
[www.activeaxon.com/html/arwa/update/images/body_backgrounds/patterns/p4@2x.png]
[www.activeaxon.com/html/arwa/update/images/body_backgrounds/patterns/p5.png]
[www.activeaxon.com/html/arwa/update/images/body_backgrounds/patterns/p5@2x.png]
[www.activeaxon.com/html/arwa/update/images/body_backgrounds/patterns/p6.png]
[www.activeaxon.com/html/arwa/update/images/body_backgrounds/patterns/p6@2x.png]
[www.activeaxon.com/html/arwa/update/images/body_backgrounds/patterns/ps-neutral.png]
[www.activeaxon.com/html/arwa/update/images/body_backgrounds/patterns/ps-neutral@2x.png]
[www.activeaxon.com/html/arwa/update/images/body_backgrounds/patterns/pw-maze-white.png]
[www.activeaxon.com/html/arwa/update/images/body_backgrounds/patterns/pw-maze-white@2x.png]
[www.activeaxon.com/html/arwa/update/images/body_backgrounds/patterns/pw-pattern.png]
[www.activeaxon.com/html/arwa/update/images/body_backgrounds/patterns/pw-pattern@2x.png]
[www.activeaxon.com/html/arwa/update/images/body_backgrounds/patterns/retina-wood.png]
[www.activeaxon.com/html/arwa/update/images/body_backgrounds/patterns/retina-wood@2x.png]
[www.activeaxon.com/html/arwa/update/images/body_backgrounds/patterns/shattered.png]
[www.activeaxon.com/html/arwa/update/images/body_backgrounds/patterns/shattered@2x.png]
[www.activeaxon.com/html/arwa/update/images/body_backgrounds/patterns/subtle-dots.png]
[www.activeaxon.com/html/arwa/update/images/body_backgrounds/patterns/subtle-dots@2x.png]
[www.activeaxon.com/html/arwa/update/images/body_backgrounds/patterns/subtle-surface.png]
[www.activeaxon.com/html/arwa/update/images/body_backgrounds/patterns/subtle-surface@2x.png]
[www.activeaxon.com/html/arwa/update/images/body_backgrounds/patterns/whitediamond.png]
[www.activeaxon.com/html/arwa/update/images/body_backgrounds/patterns/whitediamond@2x.png]
[www.activeaxon.com/html/arwa/update/images/body_backgrounds/tuscany-thumb.jpg]
[www.activeaxon.com/html/arwa/update/images/body_backgrounds/tuscany.jpg]
[www.activeaxon.com/html/arwa/update/images/body_backgrounds/tracks-thumb.jpg]
[www.activeaxon.com/html/arwa/update/images/body_backgrounds/tracks.jpg]
[www.activeaxon.com/html/arwa/update/images/body_backgrounds/blurred-lines-thumb.jpg]
[www.activeaxon.com/html/arwa/update/images/body_backgrounds/blurred-lines.jpg]
[www.activeaxon.com/html/arwa/update/images/body_backgrounds/mountain-thumb.jpg]
[www.activeaxon.com/html/arwa/update/images/body_backgrounds/mountain.jpg]
[www.activeaxon.com/html/arwa/update/css/_color-chooser.css]
[www.activeaxon.com/html/arwa/update/images/color_picker/colorpicker_background.png]
[www.activeaxon.com/html/arwa/update/images/color_picker/colorpicker_overlay.png]
[www.activeaxon.com/html/arwa/update/images/color_picker/colorpicker_select.gif]
[www.activeaxon.com/html/arwa/update/images/color_picker/colorpicker_indic.gif]
[www.activeaxon.com/html/arwa/update/images/color_picker/colorpicker_hex.png]
[www.activeaxon.com/html/arwa/update/images/color_picker/colorpicker_rgb_r.png]
[www.activeaxon.com/html/arwa/update/images/color_picker/colorpicker_rgb_g.png]
[www.activeaxon.com/html/arwa/update/images/color_picker/colorpicker_rgb_b.png]
[www.activeaxon.com/html/arwa/update/images/color_picker/colorpicker_hsb_h.png]
[www.activeaxon.com/html/arwa/update/images/color_picker/colorpicker_hsb_s.png]
[www.activeaxon.com/html/arwa/update/images/color_picker/colorpicker_hsb_b.png]
[www.activeaxon.com/html/arwa/update/images/color_picker/colorpicker_submit.png]
[www.activeaxon.com/html/arwa/update/css/_colorpicker.css]
[www.activeaxon.com/html/arwa/update/images/sprites.png]
[www.activeaxon.com/html/arwa/update/images/blog-photo-shadow.png]
[www.activeaxon.com/html/arwa/update/images/assets/bullets3.png]
[www.activeaxon.com/html/arwa/update/images/divider-shadow.png]
[www.activeaxon.com/html/arwa/update/images/divider-stripe1.png]
[www.activeaxon.com/html/arwa/update/images/divider-stripe2.png]
[www.activeaxon.com/html/arwa/update/images/divider-stripe3.png]
[www.activeaxon.com/html/arwa/update/images/divider-stripe4.png]
[www.activeaxon.com/html/arwa/update/images/divider-stripe5.png]
[www.activeaxon.com/html/arwa/update/images/placeholders/section-content-bg1.jpg]
[www.activeaxon.com/html/arwa/update/images/title-pattern.png]
[www.activeaxon.com/html/arwa/update/images/col-sep.png]
[www.activeaxon.com/html/arwa/update/images/sidebar_shadow_body.png]
[www.activeaxon.com/html/arwa/update/images/sidebar_shadow_top.png]
[www.activeaxon.com/html/arwa/update/images/sidebar_shadow_bottom.png]
[www.activeaxon.com/html/arwa/update/images/sep_shadow_body2.png]
[www.activeaxon.com/html/arwa/update/images/sep_shadow_top2.png]
[www.activeaxon.com/html/arwa/update/images/sep_shadow_bottom2.png]
[www.activeaxon.com/html/arwa/update/images/header_shadow.png]
[www.activeaxon.com/html/arwa/update/images/social-media/social-media-facebook.png]
[www.activeaxon.com/html/arwa/update/images/social-media/social-media-twitter.png]
[www.activeaxon.com/html/arwa/update/images/portfolio_shadow.png]
[www.activeaxon.com/html/arwa/update/images/slider-fixed-shadow.png]
[www.activeaxon.com/html/arwa/update/images/social-media/social-media-aim.png]
[www.activeaxon.com/html/arwa/update/images/social-media/social-media-behance.png]
[www.activeaxon.com/html/arwa/update/images/social-media/social-media-blogger.png]
[www.activeaxon.com/html/arwa/update/images/social-media/social-media-devianArt.png]
[www.activeaxon.com/html/arwa/update/images/social-media/social-media-digg.png]
[www.activeaxon.com/html/arwa/update/images/social-media/social-media-dribble.png]
[www.activeaxon.com/html/arwa/update/images/social-media/social-media-ember.png]
[www.activeaxon.com/html/arwa/update/images/social-media/social-media-everNote.png]
[www.activeaxon.com/html/arwa/update/images/social-media/social-media-flickr.png]
[www.activeaxon.com/html/arwa/update/images/social-media/social-media-forrst.png]
[www.activeaxon.com/html/arwa/update/images/social-media/social-media-googlePlus.png]
[www.activeaxon.com/html/arwa/update/images/social-media/social-media-instagram.png]
[www.activeaxon.com/html/arwa/update/images/social-media/social-media-lastFm.png]
[www.activeaxon.com/html/arwa/update/images/social-media/social-media-linkedIn.png]
[www.activeaxon.com/html/arwa/update/images/social-media/social-media-myspace.png]
[www.activeaxon.com/html/arwa/update/images/social-media/social-media-paypal.png]
[www.activeaxon.com/html/arwa/update/images/social-media/social-media-reddit.png]
[www.activeaxon.com/html/arwa/update/images/social-media/social-media-shareThis.png]
[www.activeaxon.com/html/arwa/update/images/social-media/social-media-wordpress.png]
[www.activeaxon.com/html/arwa/update/images/social-media/social-media-yahoo.png]
[www.activeaxon.com/html/arwa/update/images/social-media/social-media-zerply.png]
[www.activeaxon.com/html/arwa/update/images/social-media/social-media-youtube.png]
[www.activeaxon.com/html/arwa/update/images/social-media/social-media-rss.png]
[www.activeaxon.com/html/arwa/update/images/social-media/social-media-vimeo.png]
[www.activeaxon.com/html/arwa/update/images/social-media/social-media-skype.png]
[www.activeaxon.com/html/arwa/update/images/social-media/social-media-mail.png]
[www.activeaxon.com/html/arwa/update/images/social-media/social-media-apple.png]
[www.activeaxon.com/html/arwa/update/images/social-media/social-media-pininterest.png]
[www.activeaxon.com/html/arwa/update/images/social-media/social-media-tumblr.png]
[www.activeaxon.com/html/arwa/update/images/social-media/social-media-soundCloud.png]
[www.activeaxon.com/html/arwa/update/images/social-media/social-media-dropBox.png]
[www.activeaxon.com/html/arwa/update/images/social-media/share-facebook.png]
[www.activeaxon.com/html/arwa/update/images/social-media/share-twitter.png]
[www.activeaxon.com/html/arwa/update/images/social-media/share-googlePlus.png]
[www.activeaxon.com/html/arwa/update/images/social-media/share-mail.png]
[www.activeaxon.com/html/arwa/update/css/style.css]
[www.activeaxon.com/html/arwa/update/images/sprites@2x.png]
[www.activeaxon.com/html/arwa/update/images/divider-shadow@2x.png]
[www.activeaxon.com/html/arwa/update/images/divider-stripe1@2x.png]
[www.activeaxon.com/html/arwa/update/images/divider-stripe2@2x.png]
[www.activeaxon.com/html/arwa/update/images/divider-stripe3@2x.png]
[www.activeaxon.com/html/arwa/update/images/divider-stripe4@2x.png]
[www.activeaxon.com/html/arwa/update/images/divider-stripe5@2x.png]
[www.activeaxon.com/html/arwa/update/images/title-pattern@2x.png]
[www.activeaxon.com/html/arwa/update/images/social-media/social-media-facebook@2x.png]
[www.activeaxon.com/html/arwa/update/images/social-media/social-media-twitter@2x.png]
[www.activeaxon.com/html/arwa/update/images/assets/arrow_left@2x.png]
[www.activeaxon.com/html/arwa/update/images/assets/arrow_right@2x.png]
[www.activeaxon.com/html/arwa/update/images/assets/bullets3@2x.png]
[www.activeaxon.com/html/arwa/update/images/social-media/social-media-aim@2x.png]
[www.activeaxon.com/html/arwa/update/images/social-media/social-media-behance@2x.png]
[www.activeaxon.com/html/arwa/update/images/social-media/social-media-blogger@2x.png]
[www.activeaxon.com/html/arwa/update/images/social-media/social-media-devianArt@2x.png]
[www.activeaxon.com/html/arwa/update/images/social-media/social-media-digg@2x.png]
[www.activeaxon.com/html/arwa/update/images/social-media/social-media-dribble@2x.png]
[www.activeaxon.com/html/arwa/update/images/social-media/social-media-ember@2x.png]
[www.activeaxon.com/html/arwa/update/images/social-media/social-media-everNote@2x.png]
[www.activeaxon.com/html/arwa/update/images/social-media/social-media-flickr@2x.png]
[www.activeaxon.com/html/arwa/update/images/social-media/social-media-forrst@2x.png]
[www.activeaxon.com/html/arwa/update/images/social-media/social-media-googlePlus@2x.png]
[www.activeaxon.com/html/arwa/update/images/social-media/social-media-instagram@2x.png]
[www.activeaxon.com/html/arwa/update/images/social-media/social-media-lastFm@2x.png]
[www.activeaxon.com/html/arwa/update/images/social-media/social-media-linkedIn@2x.png]
[www.activeaxon.com/html/arwa/update/images/social-media/social-media-myspace@2x.png]
[www.activeaxon.com/html/arwa/update/images/social-media/social-media-paypal@2x.png]
[www.activeaxon.com/html/arwa/update/images/social-media/social-media-reddit@2x.png]
[www.activeaxon.com/html/arwa/update/images/social-media/social-media-shareThis@2x.png]
[www.activeaxon.com/html/arwa/update/images/social-media/social-media-wordpress@2x.png]
[www.activeaxon.com/html/arwa/update/images/social-media/social-media-yahoo@2x.png]
[www.activeaxon.com/html/arwa/update/images/social-media/social-media-zerply@2x.png]
[www.activeaxon.com/html/arwa/update/images/social-media/social-media-youtube@2x.png]
[www.activeaxon.com/html/arwa/update/images/social-media/social-media-rss@2x.png]
[www.activeaxon.com/html/arwa/update/images/social-media/social-media-vimeo@2x.png]
[www.activeaxon.com/html/arwa/update/images/social-media/social-media-skype@2x.png]
[www.activeaxon.com/html/arwa/update/images/social-media/social-media-mail@2x.png]
[www.activeaxon.com/html/arwa/update/images/social-media/social-media-apple@2x.png]
[www.activeaxon.com/html/arwa/update/images/social-media/social-media-pininterest@2x.png]
[www.activeaxon.com/html/arwa/update/images/social-media/social-media-tumblr@2x.png]
[www.activeaxon.com/html/arwa/update/images/social-media/social-media-soundCloud@2x.png]
[www.activeaxon.com/html/arwa/update/images/social-media/social-media-dropBox@2x.png]
[www.activeaxon.com/html/arwa/update/images/social-media/share-facebook@2x.png]
[www.activeaxon.com/html/arwa/update/images/social-media/share-twitter@2x.png]
[www.activeaxon.com/html/arwa/update/images/social-media/share-googlePlus@2x.png]
[www.activeaxon.com/html/arwa/update/images/social-media/share-mail@2x.png]
[www.activeaxon.com/html/arwa/update/css/responsive.css]
[www.activeaxon.com/html/arwa/update/css/skins/mixed-flat-colors.css]
[www.activeaxon.com/html/arwa/update/media/blog-screenshot1.png]
[www.activeaxon.com/html/arwa/update/media/blog1.jpg]
[www.activeaxon.com/html/arwa/update/media/blog2.jpg]
[www.activeaxon.com/html/arwa/update/media/blog3.jpg]
[www.activeaxon.com/html/arwa/update/home-version2.html]
[www.activeaxon.com/html/arwa/update/media/portfolio1.jpg]
[www.activeaxon.com/html/arwa/update/media/portfolio2.jpg]
[www.activeaxon.com/html/arwa/update/media/portfolio3.jpg]
[www.activeaxon.com/html/arwa/update/media/portfolio4.jpg]
[www.activeaxon.com/html/arwa/update/media/portfolio5.jpg]
[www.activeaxon.com/html/arwa/update/media/portfolio6.jpg]
[www.activeaxon.com/html/arwa/update/media/portfolio7.jpg]
[www.activeaxon.com/html/arwa/update/media/portfolio8.jpg]
[www.activeaxon.com/html/arwa/update/images/logos/logo1-grayscale.png]
[www.activeaxon.com/html/arwa/update/images/logos/logo2-grayscale.png]
[www.activeaxon.com/html/arwa/update/images/logos/logo3-grayscale.png]
[www.activeaxon.com/html/arwa/update/images/logos/logo4-grayscale.png]
[www.activeaxon.com/html/arwa/update/images/logos/logo5-grayscale.png]
[www.activeaxon.com/html/arwa/update/home-version3.html]
[www.activeaxon.com/html/arwa/update/media/portfolio9.jpg]
[www.activeaxon.com/html/arwa/update/home-version4.html]
[www.activeaxon.com/html/arwa/update/home-version5.html]
[www.activeaxon.com/html/arwa/update/media/team7.jpg]
[www.activeaxon.com/html/arwa/update/media/team3.jpg]
[www.activeaxon.com/html/arwa/update/slider-revolution-full.html]
[www.activeaxon.com/html/arwa/update/media/team2.jpg]
[www.activeaxon.com/html/arwa/update/media/team6.jpg]
[www.activeaxon.com/html/arwa/update/slider-revolution-fixed.html]
[www.activeaxon.com/html/arwa/update/media/slider5.jpg]
[www.activeaxon.com/html/arwa/update/media/slider1.jpg]
[www.activeaxon.com/html/arwa/update/media/slider2.jpg]
[www.activeaxon.com/html/arwa/update/media/slider3.jpg]
[www.activeaxon.com/html/arwa/update/media/slider4.jpg]
[www.activeaxon.com/html/arwa/update/media/slider6.jpg]
[www.activeaxon.com/html/arwa/update/media/slider7.jpg]
[www.activeaxon.com/html/arwa/update/slider-elastic.html]
[www.activeaxon.com/html/arwa/update/slider-cycle.html]
[www.activeaxon.com/html/arwa/update/media/about-us1.jpg]
[www.activeaxon.com/html/arwa/update/media/about-us2.jpg]
[www.activeaxon.com/html/arwa/update/about-us.html]
[www.activeaxon.com/html/arwa/update/media/services-slide1.jpg]
[www.activeaxon.com/html/arwa/update/media/services-slide2.jpg]
[www.activeaxon.com/html/arwa/update/media/testimonial3.jpg]
[www.activeaxon.com/html/arwa/update/services.html]
[www.activeaxon.com/html/arwa/update/media/office-1.jpg]
[www.activeaxon.com/html/arwa/update/media/office-2.jpg]
[www.activeaxon.com/html/arwa/update/media/office-3.jpg]
[www.activeaxon.com/html/arwa/update/team.html]
[www.activeaxon.com/html/arwa/update/sidebar-navigation.html]
[www.activeaxon.com/html/arwa/update/faq.html]
[www.activeaxon.com/html/arwa/update/sign-up.html]
[www.activeaxon.com/html/arwa/update/sign-in.html]
[www.activeaxon.com/html/arwa/update/404.html]
[www.activeaxon.com/html/arwa/update/media/blog4.jpg]
[www.activeaxon.com/html/arwa/update/media/blog1-thumb.jpg]
[www.activeaxon.com/html/arwa/update/media/blog2-thumb.jpg]
[www.activeaxon.com/html/arwa/update/media/blog3-thumb.jpg]
[www.activeaxon.com/html/arwa/update/media/blog4-thumb.jpg]
[www.activeaxon.com/html/arwa/update/blog.html]
[www.activeaxon.com/html/arwa/update/media/the_author.jpg]
[www.activeaxon.com/html/arwa/update/media/comment.jpg]
[www.activeaxon.com/html/arwa/update/blog-single.html]
[www.activeaxon.com/html/arwa/update/portfolio-two-columns.html]
[www.activeaxon.com/html/arwa/update/portfolio-three-columns.html]
[www.activeaxon.com/html/arwa/update/portfolio-four-columns.html]
[www.activeaxon.com/html/arwa/update/media/portfolio-single1.jpg]
[www.activeaxon.com/html/arwa/update/media/portfolio-single.jpg]
[www.activeaxon.com/html/arwa/update/media/portfolio-single2.jpg]
[www.activeaxon.com/html/arwa/update/portfolio-single.html]
[www.activeaxon.com/html/arwa/update/elements.html]
[www.activeaxon.com/html/arwa/update/icons.html]
[www.activeaxon.com/html/arwa/update/typography.html]
[www.activeaxon.com/html/arwa/update/columns.html]
[www.activeaxon.com/html/arwa/update/contact.html]
[www.activeaxon.com/html/arwa/update/contact2.html]
[www.activeaxon.com/html/arwa/update/fonts/glyphicons-halflings-regular.html]
[www.activeaxon.com/html/arwa/update/fonts/glyphicons-halflings-regulard41d.html]
[www.activeaxon.com/html/arwa/update/fonts/glyphicons-halflings-regular-2.html]
[www.activeaxon.com/html/arwa/update/fonts/glyphicons-halflings-regular-3.html]
[www.activeaxon.com/html/arwa/update/fonts/glyphicons-halflings-regular-4.html]
[www.activeaxon.com/html/arwa/update/font/fontawesome-webfont.svg]
[www.activeaxon.com/html/arwa/update/images/skins-images/skins-sprites.html]
[www.activeaxon.com/html/arwa/update/images/skins-images/skins-sprites@2x.html]
